This is pdfTeX, Version 3.141592653-2.6-1.40.28 (TeX Live 2025) (preloaded format=pdflatex)
 restricted \write18 enabled.
entering extended mode
(./NCVR10_RESULTS_SUMMARY.tex
LaTeX2e <2025-11-01>
L3 programming layer <2026-01-19>
(c:/texlive/2025/texmf-dist/tex/latex/base/article.cls
Document Class: article 2025/01/22 v1.4n Standard LaTeX document class
(c:/texlive/2025/texmf-dist/tex/latex/base/size11.clo))
(c:/texlive/2025/texmf-dist/tex/latex/geometry/geometry.sty
(c:/texlive/2025/texmf-dist/tex/latex/graphics/keyval.sty)
(c:/texlive/2025/texmf-dist/tex/generic/iftex/ifvtex.sty
(c:/texlive/2025/texmf-dist/tex/generic/iftex/iftex.sty)))
(c:/texlive/2025/texmf-dist/tex/latex/booktabs/booktabs.sty)
(c:/texlive/2025/texmf-dist/tex/latex/tools/array.sty)
(c:/texlive/2025/texmf-dist/tex/latex/tools/longtable.sty)
(c:/texlive/2025/texmf-dist/tex/latex/xcolor/xcolor.sty
(c:/texlive/2025/texmf-dist/tex/latex/graphics-cfg/color.cfg)
(c:/texlive/2025/texmf-dist/tex/latex/graphics-def/pdftex.def)
(c:/texlive/2025/texmf-dist/tex/latex/graphics/mathcolor.ltx))
(c:/texlive/2025/texmf-dist/tex/latex/hyperref/hyperref.sty
(c:/texlive/2025/texmf-dist/tex/latex/kvsetkeys/kvsetkeys.sty)
(c:/texlive/2025/texmf-dist/tex/generic/kvdefinekeys/kvdefinekeys.sty)
(c:/texlive/2025/texmf-dist/tex/generic/pdfescape/pdfescape.sty
(c:/texlive/2025/texmf-dist/tex/generic/ltxcmds/ltxcmds.sty)
(c:/texlive/2025/texmf-dist/tex/generic/pdftexcmds/pdftexcmds.sty
(c:/texlive/2025/texmf-dist/tex/generic/infwarerr/infwarerr.sty)))
(c:/texlive/2025/texmf-dist/tex/latex/hycolor/hycolor.sty)
(c:/texlive/2025/texmf-dist/tex/latex/hyperref/nameref.sty
(c:/texlive/2025/texmf-dist/tex/latex/refcount/refcount.sty)
(c:/texlive/2025/texmf-dist/tex/generic/gettitlestring/gettitlestring.sty
(c:/texlive/2025/texmf-dist/tex/latex/kvoptions/kvoptions.sty)))
(c:/texlive/2025/texmf-dist/tex/latex/etoolbox/etoolbox.sty)
(c:/texlive/2025/texmf-dist/tex/generic/stringenc/stringenc.sty)
(c:/texlive/2025/texmf-dist/tex/latex/hyperref/pd1enc.def)
(c:/texlive/2025/texmf-dist/tex/generic/intcalc/intcalc.sty)
(c:/texlive/2025/texmf-dist/tex/latex/hyperref/puenc.def)
(c:/texlive/2025/texmf-dist/tex/latex/url/url.sty)
(c:/texlive/2025/texmf-dist/tex/generic/bitset/bitset.sty
(c:/texlive/2025/texmf-dist/tex/generic/bigintcalc/bigintcalc.sty)))
(c:/texlive/2025/texmf-dist/tex/latex/hyperref/hpdftex.def
(c:/texlive/2025/texmf-dist/tex/latex/rerunfilecheck/rerunfilecheck.sty
(c:/texlive/2025/texmf-dist/tex/generic/uniquecounter/uniquecounter.sty)))
(c:/texlive/2025/texmf-dist/tex/latex/microtype/microtype.sty
(c:/texlive/2025/texmf-dist/tex/latex/microtype/microtype-pdftex.def)
(c:/texlive/2025/texmf-dist/tex/latex/microtype/microtype.cfg))
(c:/texlive/2025/texmf-dist/tex/latex/parskip/parskip.sty)
(c:/texlive/2025/texmf-dist/tex/latex/enumitem/enumitem.sty)
(c:/texlive/2025/texmf-dist/tex/latex/base/fontenc.sty)
(c:/texlive/2025/texmf-dist/tex/latex/base/inputenc.sty)
(c:/texlive/2025/texmf-dist/tex/latex/tools/tabularx.sty)
(c:/texlive/2025/texmf-dist/tex/latex/adjustbox/adjustbox.sty
(c:/texlive/2025/texmf-dist/tex/latex/xkeyval/xkeyval.sty
(c:/texlive/2025/texmf-dist/tex/generic/xkeyval/xkeyval.tex
(c:/texlive/2025/texmf-dist/tex/generic/xkeyval/xkvutils.tex)))
(c:/texlive/2025/texmf-dist/tex/latex/adjustbox/adjcalc.sty)
(c:/texlive/2025/texmf-dist/tex/latex/adjustbox/trimclip.sty
(c:/texlive/2025/texmf-dist/tex/latex/graphics/graphicx.sty
(c:/texlive/2025/texmf-dist/tex/latex/graphics/graphics.sty
(c:/texlive/2025/texmf-dist/tex/latex/graphics/trig.sty)
(c:/texlive/2025/texmf-dist/tex/latex/graphics-cfg/graphics.cfg)))
(c:/texlive/2025/texmf-dist/tex/latex/collectbox/collectbox.sty)
(c:/texlive/2025/texmf-dist/tex/latex/adjustbox/tc-pdftex.def))
(c:/texlive/2025/texmf-dist/tex/latex/ifoddpage/ifoddpage.sty)
(c:/texlive/2025/texmf-dist/tex/latex/varwidth/varwidth.sty)
==> First Aid for varwidth.sty applied!
)

Package array Warning: Column W is already defined on input line 19.

(c:/texlive/2025/texmf-dist/tex/latex/l3backend/l3backend-pdftex.def)
No file NCVR10_RESULTS_SUMMARY.aux.
*geometry* driver: auto-detecting
*geometry* detected driver: pdftex
(c:/texlive/2025/texmf-dist/tex/context/base/mkii/supp-pdf.mkii
[Loading MPS to PDF converter (version 2006.09.02).]
) (c:/texlive/2025/texmf-dist/tex/latex/epstopdf-pkg/epstopdf-base.sty
(c:/texlive/2025/texmf-dist/tex/latex/latexconfig/epstopdf-sys.cfg))

Package microtype Warning: Unable to apply patch `footnote' on input line 37.

(c:/texlive/2025/texmf-dist/tex/latex/microtype/mt-cmr.cfg)
No file NCVR10_RESULTS_SUMMARY.toc.

LaTeX Warning: `!h' float specifier changed to `!ht'.

[1{c:/texlive/2025/texmf-var/fonts/map/pdftex/updmap/pdftex.map}{c:/texlive/202
5/texmf-dist/fonts/enc/dvips/cm-super/cm-super-t1.enc}] [2{c:/texlive/2025/texm
f-dist/fonts/enc/dvips/cm-super/cm-super-ts1.enc}] [3]

LaTeX Warning: `!h' float specifier changed to `!ht'.

[4] [5] (./NCVR10_RESULTS_SUMMARY.aux)

Package rerunfilecheck Warning: File `NCVR10_RESULTS_SUMMARY.out' has changed.
(rerunfilecheck)                Rerun to get outlines right
(rerunfilecheck)                or use package `bookmark'.

 )<c:/texlive/2025/texmf-dist/fonts/type1/public/amsfonts/cm/cmmi10.pfb><c:/tex
live/2025/texmf-dist/fonts/type1/public/amsfonts/cm/cmr10.pfb><c:/texlive/2025/
texmf-dist/fonts/type1/public/amsfonts/cm/cmr8.pfb><c:/texlive/2025/texmf-dist/
fonts/type1/public/amsfonts/cm/cmsy10.pfb><c:/texlive/2025/texmf-dist/fonts/typ
e1/public/cm-super/sfbx1095.pfb><c:/texlive/2025/texmf-dist/fonts/type1/public/
cm-super/sfbx1200.pfb><c:/texlive/2025/texmf-dist/fonts/type1/public/cm-super/s
fbx1440.pfb><c:/texlive/2025/texmf-dist/fonts/type1/public/cm-super/sfbx1728.pf
b><c:/texlive/2025/texmf-dist/fonts/type1/public/cm-super/sfrm1095.pfb><c:/texl
ive/2025/texmf-dist/fonts/type1/public/cm-super/sfrm1200.pfb><c:/texlive/2025/t
exmf-dist/fonts/type1/public/cm-super/sfti1095.pfb><c:/texlive/2025/texmf-dist/
fonts/type1/public/cm-super/sftt1095.pfb>
Output written on NCVR10_RESULTS_SUMMARY.pdf (5 pages, 231248 bytes).
Transcript written on NCVR10_RESULTS_SUMMARY.log.
This is pdfTeX, Version 3.141592653-2.6-1.40.28 (TeX Live 2025) (preloaded format=pdflatex)
 restricted \write18 enabled.
entering extended mode
(./NCVR10_RESULTS_SUMMARY.tex
LaTeX2e <2025-11-01>
L3 programming layer <2026-01-19>
(c:/texlive/2025/texmf-dist/tex/latex/base/article.cls
Document Class: article 2025/01/22 v1.4n Standard LaTeX document class
(c:/texlive/2025/texmf-dist/tex/latex/base/size11.clo))
(c:/texlive/2025/texmf-dist/tex/latex/geometry/geometry.sty
(c:/texlive/2025/texmf-dist/tex/latex/graphics/keyval.sty)
(c:/texlive/2025/texmf-dist/tex/generic/iftex/ifvtex.sty
(c:/texlive/2025/texmf-dist/tex/generic/iftex/iftex.sty)))
(c:/texlive/2025/texmf-dist/tex/latex/booktabs/booktabs.sty)
(c:/texlive/2025/texmf-dist/tex/latex/tools/array.sty)
(c:/texlive/2025/texmf-dist/tex/latex/tools/longtable.sty)
(c:/texlive/2025/texmf-dist/tex/latex/xcolor/xcolor.sty
(c:/texlive/2025/texmf-dist/tex/latex/graphics-cfg/color.cfg)
(c:/texlive/2025/texmf-dist/tex/latex/graphics-def/pdftex.def)
(c:/texlive/2025/texmf-dist/tex/latex/graphics/mathcolor.ltx))
(c:/texlive/2025/texmf-dist/tex/latex/hyperref/hyperref.sty
(c:/texlive/2025/texmf-dist/tex/latex/kvsetkeys/kvsetkeys.sty)
(c:/texlive/2025/texmf-dist/tex/generic/kvdefinekeys/kvdefinekeys.sty)
(c:/texlive/2025/texmf-dist/tex/generic/pdfescape/pdfescape.sty
(c:/texlive/2025/texmf-dist/tex/generic/ltxcmds/ltxcmds.sty)
(c:/texlive/2025/texmf-dist/tex/generic/pdftexcmds/pdftexcmds.sty
(c:/texlive/2025/texmf-dist/tex/generic/infwarerr/infwarerr.sty)))
(c:/texlive/2025/texmf-dist/tex/latex/hycolor/hycolor.sty)
(c:/texlive/2025/texmf-dist/tex/latex/hyperref/nameref.sty
(c:/texlive/2025/texmf-dist/tex/latex/refcount/refcount.sty)
(c:/texlive/2025/texmf-dist/tex/generic/gettitlestring/gettitlestring.sty
(c:/texlive/2025/texmf-dist/tex/latex/kvoptions/kvoptions.sty)))
(c:/texlive/2025/texmf-dist/tex/latex/etoolbox/etoolbox.sty)
(c:/texlive/2025/texmf-dist/tex/generic/stringenc/stringenc.sty)
(c:/texlive/2025/texmf-dist/tex/latex/hyperref/pd1enc.def)
(c:/texlive/2025/texmf-dist/tex/generic/intcalc/intcalc.sty)
(c:/texlive/2025/texmf-dist/tex/latex/hyperref/puenc.def)
(c:/texlive/2025/texmf-dist/tex/latex/url/url.sty)
(c:/texlive/2025/texmf-dist/tex/generic/bitset/bitset.sty
(c:/texlive/2025/texmf-dist/tex/generic/bigintcalc/bigintcalc.sty)))
(c:/texlive/2025/texmf-dist/tex/latex/hyperref/hpdftex.def
(c:/texlive/2025/texmf-dist/tex/latex/rerunfilecheck/rerunfilecheck.sty
(c:/texlive/2025/texmf-dist/tex/generic/uniquecounter/uniquecounter.sty)))
(c:/texlive/2025/texmf-dist/tex/latex/microtype/microtype.sty
(c:/texlive/2025/texmf-dist/tex/latex/microtype/microtype-pdftex.def)
(c:/texlive/2025/texmf-dist/tex/latex/microtype/microtype.cfg))
(c:/texlive/2025/texmf-dist/tex/latex/parskip/parskip.sty)
(c:/texlive/2025/texmf-dist/tex/latex/enumitem/enumitem.sty)
(c:/texlive/2025/texmf-dist/tex/latex/base/fontenc.sty)
(c:/texlive/2025/texmf-dist/tex/latex/base/inputenc.sty)
(c:/texlive/2025/texmf-dist/tex/latex/tools/tabularx.sty)
(c:/texlive/2025/texmf-dist/tex/latex/adjustbox/adjustbox.sty
(c:/texlive/2025/texmf-dist/tex/latex/xkeyval/xkeyval.sty
(c:/texlive/2025/texmf-dist/tex/generic/xkeyval/xkeyval.tex
(c:/texlive/2025/texmf-dist/tex/generic/xkeyval/xkvutils.tex)))
(c:/texlive/2025/texmf-dist/tex/latex/adjustbox/adjcalc.sty)
(c:/texlive/2025/texmf-dist/tex/latex/adjustbox/trimclip.sty
(c:/texlive/2025/texmf-dist/tex/latex/graphics/graphicx.sty
(c:/texlive/2025/texmf-dist/tex/latex/graphics/graphics.sty
(c:/texlive/2025/texmf-dist/tex/latex/graphics/trig.sty)
(c:/texlive/2025/texmf-dist/tex/latex/graphics-cfg/graphics.cfg)))
(c:/texlive/2025/texmf-dist/tex/latex/collectbox/collectbox.sty)
(c:/texlive/2025/texmf-dist/tex/latex/adjustbox/tc-pdftex.def))
(c:/texlive/2025/texmf-dist/tex/latex/ifoddpage/ifoddpage.sty)
(c:/texlive/2025/texmf-dist/tex/latex/varwidth/varwidth.sty)
==> First Aid for varwidth.sty applied!
)

Package array Warning: Column W is already defined on input line 19.

(c:/texlive/2025/texmf-dist/tex/latex/l3backend/l3backend-pdftex.def)
(./NCVR10_RESULTS_SUMMARY.aux)
*geometry* driver: auto-detecting
*geometry* detected driver: pdftex
(c:/texlive/2025/texmf-dist/tex/context/base/mkii/supp-pdf.mkii
[Loading MPS to PDF converter (version 2006.09.02).]
) (c:/texlive/2025/texmf-dist/tex/latex/epstopdf-pkg/epstopdf-base.sty
(c:/texlive/2025/texmf-dist/tex/latex/latexconfig/epstopdf-sys.cfg))
(./NCVR10_RESULTS_SUMMARY.out) (./NCVR10_RESULTS_SUMMARY.out)

Package microtype Warning: Unable to apply patch `footnote' on input line 37.

(c:/texlive/2025/texmf-dist/tex/latex/microtype/mt-cmr.cfg)
(./NCVR10_RESULTS_SUMMARY.toc) [1{c:/texlive/2025/texmf-var/fonts/map/pdftex/up
dmap/pdftex.map}{c:/texlive/2025/texmf-dist/fonts/enc/dvips/cm-super/cm-super-t
1.enc}]

LaTeX Warning: `!h' float specifier changed to `!ht'.

[2]

LaTeX Warning: `!h' float specifier changed to `!ht'.

[3{c:/texlive/2025/texmf-dist/fonts/enc/dvips/cm-super/cm-super-ts1.enc}]

LaTeX Warning: `!h' float specifier changed to `!ht'.


LaTeX Warning: `!h' float specifier changed to `!ht'.

[4] [5] (./NCVR10_RESULTS_SUMMARY.aux) )<c:/texlive/2025/texmf-dist/fonts/type1
/public/amsfonts/cm/cmmi10.pfb><c:/texlive/2025/texmf-dist/fonts/type1/public/a
msfonts/cm/cmr10.pfb><c:/texlive/2025/texmf-dist/fonts/type1/public/amsfonts/cm
/cmr8.pfb><c:/texlive/2025/texmf-dist/fonts/type1/public/amsfonts/cm/cmsy10.pfb
><c:/texlive/2025/texmf-dist/fonts/type1/public/cm-super/sfbx1095.pfb><c:/texli
ve/2025/texmf-dist/fonts/type1/public/cm-super/sfbx1200.pfb><c:/texlive/2025/te
xmf-dist/fonts/type1/public/cm-super/sfbx1440.pfb><c:/texlive/2025/texmf-dist/f
onts/type1/public/cm-super/sfbx1728.pfb><c:/texlive/2025/texmf-dist/fonts/type1
/public/cm-super/sfrm1095.pfb><c:/texlive/2025/texmf-dist/fonts/type1/public/cm
-super/sfrm1200.pfb><c:/texlive/2025/texmf-dist/fonts/type1/public/cm-super/sft
i1095.pfb><c:/texlive/2025/texmf-dist/fonts/type1/public/cm-super/sftt1095.pfb>

Output written on NCVR10_RESULTS_SUMMARY.pdf (5 pages, 233576 bytes).
Transcript written on NCVR10_RESULTS_SUMMARY.log.
