This is pdfTeX, Version 3.141592653-2.6-1.40.28 (TeX Live 2025) (preloaded format=pdflatex)
 restricted \write18 enabled.
entering extended mode
(./NCVR5_RESULTS_SUMMARY.tex
LaTeX2e <2025-11-01>
L3 programming layer <2026-01-19>
(c:/texlive/2025/texmf-dist/tex/latex/base/article.cls
Document Class: article 2025/01/22 v1.4n Standard LaTeX document class
(c:/texlive/2025/texmf-dist/tex/latex/base/size11.clo))
(c:/texlive/2025/texmf-dist/tex/latex/geometry/geometry.sty
(c:/texlive/2025/texmf-dist/tex/latex/graphics/keyval.sty)
(c:/texlive/2025/texmf-dist/tex/generic/iftex/ifvtex.sty
(c:/texlive/2025/texmf-dist/tex/generic/iftex/iftex.sty)))
(c:/texlive/2025/texmf-dist/tex/latex/booktabs/booktabs.sty)
(c:/texlive/2025/texmf-dist/tex/latex/tools/array.sty)
(c:/texlive/2025/texmf-dist/tex/latex/tools/longtable.sty)
(c:/texlive/2025/texmf-dist/tex/latex/xcolor/xcolor.sty
(c:/texlive/2025/texmf-dist/tex/latex/graphics-cfg/color.cfg)
(c:/texlive/2025/texmf-dist/tex/latex/graphics-def/pdftex.def)
(c:/texlive/2025/texmf-dist/tex/latex/graphics/mathcolor.ltx))
(c:/texlive/2025/texmf-dist/tex/latex/hyperref/hyperref.sty
(c:/texlive/2025/texmf-dist/tex/latex/kvsetkeys/kvsetkeys.sty)
(c:/texlive/2025/texmf-dist/tex/generic/kvdefinekeys/kvdefinekeys.sty)
(c:/texlive/2025/texmf-dist/tex/generic/pdfescape/pdfescape.sty
(c:/texlive/2025/texmf-dist/tex/generic/ltxcmds/ltxcmds.sty)
(c:/texlive/2025/texmf-dist/tex/generic/pdftexcmds/pdftexcmds.sty
(c:/texlive/2025/texmf-dist/tex/generic/infwarerr/infwarerr.sty)))
(c:/texlive/2025/texmf-dist/tex/latex/hycolor/hycolor.sty)
(c:/texlive/2025/texmf-dist/tex/latex/hyperref/nameref.sty
(c:/texlive/2025/texmf-dist/tex/latex/refcount/refcount.sty)
(c:/texlive/2025/texmf-dist/tex/generic/gettitlestring/gettitlestring.sty
(c:/texlive/2025/texmf-dist/tex/latex/kvoptions/kvoptions.sty)))
(c:/texlive/2025/texmf-dist/tex/latex/etoolbox/etoolbox.sty)
(c:/texlive/2025/texmf-dist/tex/generic/stringenc/stringenc.sty)
(c:/texlive/2025/texmf-dist/tex/latex/hyperref/pd1enc.def)
(c:/texlive/2025/texmf-dist/tex/generic/intcalc/intcalc.sty)
(c:/texlive/2025/texmf-dist/tex/latex/hyperref/puenc.def)
(c:/texlive/2025/texmf-dist/tex/latex/url/url.sty)
(c:/texlive/2025/texmf-dist/tex/generic/bitset/bitset.sty
(c:/texlive/2025/texmf-dist/tex/generic/bigintcalc/bigintcalc.sty)))
(c:/texlive/2025/texmf-dist/tex/latex/hyperref/hpdftex.def
(c:/texlive/2025/texmf-dist/tex/latex/rerunfilecheck/rerunfilecheck.sty
(c:/texlive/2025/texmf-dist/tex/generic/uniquecounter/uniquecounter.sty)))
(c:/texlive/2025/texmf-dist/tex/latex/microtype/microtype.sty
(c:/texlive/2025/texmf-dist/tex/latex/microtype/microtype-pdftex.def)
(c:/texlive/2025/texmf-dist/tex/latex/microtype/microtype.cfg))
(c:/texlive/2025/texmf-dist/tex/latex/parskip/parskip.sty)
(c:/texlive/2025/texmf-dist/tex/latex/enumitem/enumitem.sty)
(c:/texlive/2025/texmf-dist/tex/latex/base/fontenc.sty)
(c:/texlive/2025/texmf-dist/tex/latex/base/inputenc.sty)
(c:/texlive/2025/texmf-dist/tex/latex/l3backend/l3backend-pdftex.def)
(./NCVR5_RESULTS_SUMMARY.aux)
*geometry* driver: auto-detecting
*geometry* detected driver: pdftex
(c:/texlive/2025/texmf-dist/tex/context/base/mkii/supp-pdf.mkii
[Loading MPS to PDF converter (version 2006.09.02).]
) (./NCVR5_RESULTS_SUMMARY.out) (./NCVR5_RESULTS_SUMMARY.out)

Package microtype Warning: Unable to apply patch `footnote' on input line 30.

(c:/texlive/2025/texmf-dist/tex/latex/microtype/mt-cmr.cfg)
(./NCVR5_RESULTS_SUMMARY.toc) [1{c:/texlive/2025/texmf-var/fonts/map/pdftex/upd
map/pdftex.map}{c:/texlive/2025/texmf-dist/fonts/enc/dvips/cm-super/cm-super-t1
.enc}]
Overfull \hbox (9.26253pt too wide) in paragraph at lines 70--87
 [][] 

Package hyperref Warning: Token not allowed in a PDF string (Unicode):
(hyperref)                removing `\leavevmode@ifvmode' on input line 103.


Package hyperref Warning: Token not allowed in a PDF string (Unicode):
(hyperref)                \kern 1.8147pt
(hyperref)                removed on input line 103.


Overfull \hbox (30.3193pt too wide) in paragraph at lines 109--129
 [][] 

Package hyperref Warning: Token not allowed in a PDF string (Unicode):
(hyperref)                removing `\leavevmode@ifvmode' on input line 132.


Package hyperref Warning: Token not allowed in a PDF string (Unicode):
(hyperref)                \kern 1.8147pt
(hyperref)                removed on input line 132.


Overfull \hbox (32.15108pt too wide) in paragraph at lines 138--157
 [][] 

LaTeX Warning: `!h' float specifier changed to `!ht'.

[2]
Overfull \hbox (190.49167pt too wide) in paragraph at lines 173--191
 [][] 
[3] [4]
Overfull \hbox (27.53996pt too wide) in paragraph at lines 333--347
 [][] 

LaTeX Warning: `!h' float specifier changed to `!ht'.


Overfull \hbox (35.25253pt too wide) in paragraph at lines 360--381
 [][] 

LaTeX Warning: `!h' float specifier changed to `!ht'.

[5] [6] (./NCVR5_RESULTS_SUMMARY.aux) )
(see the transcript file for additional information)<c:/texlive/2025/texmf-dist
/fonts/type1/public/amsfonts/cm/cmmi10.pfb><c:/texlive/2025/texmf-dist/fonts/ty
pe1/public/amsfonts/cm/cmmi12.pfb><c:/texlive/2025/texmf-dist/fonts/type1/publi
c/amsfonts/cm/cmr7.pfb><c:/texlive/2025/texmf-dist/fonts/type1/public/amsfonts/
cm/cmr8.pfb><c:/texlive/2025/texmf-dist/fonts/type1/public/amsfonts/cm/cmsy10.p
fb><c:/texlive/2025/texmf-dist/fonts/type1/public/amsfonts/cm/cmsy7.pfb><c:/tex
live/2025/texmf-dist/fonts/type1/public/amsfonts/cm/cmsy8.pfb><c:/texlive/2025/
texmf-dist/fonts/type1/public/cm-super/sfbx1000.pfb><c:/texlive/2025/texmf-dist
/fonts/type1/public/cm-super/sfbx1095.pfb><c:/texlive/2025/texmf-dist/fonts/typ
e1/public/cm-super/sfbx1200.pfb><c:/texlive/2025/texmf-dist/fonts/type1/public/
cm-super/sfbx1440.pfb><c:/texlive/2025/texmf-dist/fonts/type1/public/cm-super/s
fbx1728.pfb><c:/texlive/2025/texmf-dist/fonts/type1/public/cm-super/sfit1095.pf
b><c:/texlive/2025/texmf-dist/fonts/type1/public/cm-super/sfrm1000.pfb><c:/texl
ive/2025/texmf-dist/fonts/type1/public/cm-super/sfrm1095.pfb><c:/texlive/2025/t
exmf-dist/fonts/type1/public/cm-super/sfrm1200.pfb><c:/texlive/2025/texmf-dist/
fonts/type1/public/cm-super/sfti1000.pfb><c:/texlive/2025/texmf-dist/fonts/type
1/public/cm-super/sfti1095.pfb><c:/texlive/2025/texmf-dist/fonts/type1/public/c
m-super/sftt1095.pfb>
Output written on NCVR5_RESULTS_SUMMARY.pdf (6 pages, 342437 bytes).
Transcript written on NCVR5_RESULTS_SUMMARY.log.
